Microchip MPLAB XC8 Compiler V3.10

Linker command line:

-W-3 \
  --edf=D:/Microchip/MPLABX/v6.30/packs/Microchip/PIC16F1xxxx_DFP/1.29.444/xc8\pic\dat\20251218141021_en.msgs \
  -cn -h+dist/default/production\PICTest1.X.production.sym \
  --cmf=dist/default/production\PICTest1.X.production.cmf -z -Q16F15256 \
  -oC:\Users\forga\AppData\Local\Temp\xcAss4o.0\driver_tmp_3.o \
  --defsym=__MPLAB_BUILD=1 --fixupoverflow=error \
  -Mdist/default/production/PICTest1.X.production.map \
  --md=C:\Users\forga\AppData\Local\Temp\xcAss4o.0\driver_tmp_0.dat -E1 \
  -ver=XC8 Compiler -ACODE=00h-07FFhx8 -ASTRCODE=00h-03FFFh \
  -ASTRING=00h-0FFhx64 -ACONST=00h-0FFhx64 -AENTRY=00h-0FFhx64 \
  -ACOMMON=070h-07Fh -ABANK0=020h-06Fh -ABANK1=0A0h-0EFh \
  -ABANK2=0120h-016Fh -ABANK3=01A0h-01EFh -ABANK4=0220h-026Fh \
  -ABANK5=02A0h-02EFh -ABANK6=0320h-036Fh -ABANK7=03A0h-03EFh \
  -ABANK8=0420h-046Fh -ABANK9=04A0h-04EFh -ABANK10=0520h-056Fh \
  -ABANK11=05A0h-05EFh -ABANK12=0620h-066Fh -ABANK13=06A0h-06EFh \
  -ABANK14=0720h-076Fh -ABANK15=07A0h-07EFh -ABANK16=0820h-086Fh \
  -ABANK17=08A0h-08EFh -ABANK18=0920h-096Fh -ABANK19=09A0h-09EFh \
  -ABANK20=0A20h-0A6Fh -ABANK21=0AA0h-0AEFh -ABANK22=0B20h-0B6Fh \
  -ABANK23=0BA0h-0BEFh -ABANK24=0C20h-0C6Fh -ABANK25=0CA0h-0CBFh \
  -ABIGRAM=02000h-027EFh \
  -ARAM=020h-06Fh,0A0h-0EFh,0120h-016Fh,01A0h-01EFh,0220h-026Fh,02A0h-02EFh,0320h-036Fh,03A0h-03EFh,0420h-046Fh,04A0h-04EFh,0520h-056Fh,05A0h-05EFh,0620h-066Fh,06A0h-06EFh,0720h-076Fh,07A0h-07EFh,0820h-086Fh,08A0h-08EFh,0920h-096Fh,09A0h-09EFh,0A20h-0A6Fh,0AA0h-0AEFh,0B20h-0B6Fh,0BA0h-0BEFh,0C20h-0C6Fh,0CA0h-0CBFh \
  -AABS1=020h-07Fh,0A0h-0EFh,0120h-016Fh,01A0h-01EFh,0220h-026Fh,02A0h-02EFh,0320h-036Fh,03A0h-03EFh,0420h-046Fh,04A0h-04EFh,0520h-056Fh,05A0h-05EFh,0620h-066Fh,06A0h-06EFh,0720h-076Fh,07A0h-07EFh,0820h-086Fh,08A0h-08EFh,0920h-096Fh,09A0h-09EFh,0A20h-0A6Fh,0AA0h-0AEFh,0B20h-0B6Fh,0BA0h-0BEFh,0C20h-0C6Fh,0CA0h-0CBFh \
  -ASFR0=00h-01Fh -ASFR1=080h-09Fh -ASFR2=0100h-011Fh -ASFR3=0180h-019Fh \
  -ASFR4=0200h-021Fh -ASFR5=0280h-029Fh -ASFR6=0300h-031Fh \
  -ASFR7=0380h-039Fh -ASFR8=0400h-041Fh -ASFR9=0480h-049Fh \
  -ASFR10=0500h-051Fh -ASFR11=0580h-059Fh -ASFR12=0600h-061Fh \
  -ASFR13=0680h-069Fh -ASFR14=0700h-071Fh -ASFR15=0780h-079Fh \
  -ASFR16=0800h-081Fh -ASFR17=0880h-089Fh -ASFR18=0900h-091Fh \
  -ASFR19=0980h-099Fh -ASFR20=0A00h-0A1Fh -ASFR21=0A80h-0A9Fh \
  -ASFR22=0B00h-0B1Fh -ASFR23=0B80h-0B9Fh -ASFR24=0C00h-0C1Fh \
  -ASFR25=0C80h-0C9Fh -ASFR26=0D00h-0D6Fh -ASFR27=0D80h-0DEFh \
  -ASFR28=0E00h-0E6Fh -ASFR29=0E80h-0EEFh -ASFR30=0F00h-0F6Fh \
  -ASFR31=0F80h-0FEFh -ASFR32=01000h-0106Fh -ASFR33=01080h-010EFh \
  -ASFR34=01100h-0116Fh -ASFR35=01180h-011EFh -ASFR36=01200h-0126Fh \
  -ASFR37=01280h-012EFh -ASFR38=01300h-0136Fh -ASFR39=01380h-013EFh \
  -ASFR40=01400h-0146Fh -ASFR41=01480h-014EFh -ASFR42=01500h-0156Fh \
  -ASFR43=01580h-015EFh -ASFR44=01600h-0166Fh -ASFR45=01680h-016EFh \
  -ASFR46=01700h-0176Fh -ASFR47=01780h-017EFh -ASFR48=01800h-0186Fh \
  -ASFR49=01880h-018EFh -ASFR50=01900h-0196Fh -ASFR51=01980h-019EFh \
  -ASFR52=01A00h-01A6Fh -ASFR53=01A80h-01AEFh -ASFR54=01B00h-01B6Fh \
  -ASFR55=01B80h-01BEFh -ASFR56=01C00h-01C6Fh -ASFR57=01C80h-01CEFh \
  -ASFR58=01D00h-01D6Fh -ASFR59=01D80h-01DEFh -ASFR60=01E00h-01E6Fh \
  -ASFR61=01E80h-01EEFh -ASFR62=01F00h-01F6Fh -ASFR63=01F80h-01FEFh \
  -ACONFIG=08007h-0800Bh -DCONFIG=2 -AIDLOC=08000h-08003h -DIDLOC=2 \
  -DCODE=2 -DSTRCODE=2 -DSTRING=2 -DCONST=2 -DENTRY=2 \
  -preset_vec=00h,intentry=04h,sivt,init,end_init -ppowerup=CODE \
  -pcinit=CODE -pfunctab=ENTRY -k \
  C:\Users\forga\AppData\Local\Temp\xcAss4o.0\driver_tmp_17.o \
  dist/default/production\PICTest1.X.production.o 

Object code version is 3.11

Machine type is 16F15256



                Name                               Link     Load   Length Selector   Space Scale
C:\Users\forga\AppData\Local\Temp\xcAss4o.0\driver_tmp_17.o
                end_init                             1B       1B        2        8       0
                reset_vec                             0        0        2        0       0
                config                             8007     8007        5        0       4
dist/default/production\PICTest1.X.production.o
                cinit                                1D       1D       1C        8       0
                intentry                              4        4       17        8       0
                config                             8007     8007        5        0       4
                text53                             1291     1291       2D     2522       0
                text52                             10AC     10AC        9     2158       0
                text51                             10BE     10BE        A     217C       0
                text50                              7EC      7EC       14        8       0
                text48                             117A     117A       1A     22F4       0
                text47                             1095     1095        3     212A       0
                text46                             13AD     13AD       36     275A       0
                text45                             10F5     10F5        F     21EA       0
                text44                             10E8     10E8        D     21D0       0
                text43                             1149     1149       18     2292       0
                text42                             11B1     11B1       20     2362       0
                text41                             123F     123F       28     247E       0
                text40                             10B5     10B5        9     216A       0
                text39                             10A4     10A4        8     2148       0
                text38                             10D2     10D2        B     21A4       0
                text37                             1478     1478       55     28F0       0
                text36                             142C     142C       4C     2858       0
                text35                             1098     1098        5     2130       0
                text34                             10DD     10DD        B     21BA       0
                text33                              BB9      BB9      20C     1772       0
                text32                              A15      A15      1A4     142A       0
                text31                             1775     1775       8B     2EEA       0
                text30                             157F     157F       6F     2AFE       0
                text29                              91B      91B       FA     1236       0
                text28                             134B     134B       31     2696       0
                text27                             11D1     11D1       24     23A2       0
                text26                              DC5      DC5      23B     1B8A       0
                text25                             1669     1669       82     2CD2       0
                text24                             16EB     16EB       8A     2DD6       0
                text23                             109D     109D        7     213A       0
                text22                             131B     131B       30     2636       0
                text21                             1104     1104       10     2208       0
                text20                             1161     1161       19     22C2       0
                text19                             1124     1124       12     2248       0
                text18                             1267     1267       2A     24CE       0
                text17                             1219     1219       26     2432       0
                text16                              806      806       36     100C       0
                text15                             1114     1114       10     2228       0
                text14                             12BE     12BE       2E     257C       0
                text13                             11F5     11F5       24     23EA       0
                text12                             14CD     14CD       59     299A       0
                text11                             13E3     13E3       49     27C6       0
                text10                                3        3        1        6       0
                text9                              1526     1526       59     2A4C       0
                text8                               6B7      6B7      135        8       0
                text7                              12EC     12EC       2F     25D8       0
                text6                              15EE     15EE       7B     2BDC       0
                text5                              10C8     10C8        A     2190       0
                text4                              1194     1194       1D     2328       0
                text3                               83C      83C       DF     1078       0
                text2                              1136     1136       13     226C       0
                text1                              137C     137C       31     26F8       0
                maintext                             39       39      67E        8       0
                cstackBANK0                          20       20       4B       20       1
                cstackCOMMON                         70       70        A       70       1
                cstackBANK1                          A0       A0       2D       A0       1
                clrtext                             800      800        6        8       0
                bssBANK2                            120      120       40      120       1
                bssBANK1                             CD       CD        B       A0       1
                bssBANK0                             6B       6B        5       20       1
                bssCOMMON                            7A       7A        2       70       1
                stringtext37                       1981     1981        5     3000       0
                stringtext36                       197C     197C        5     3000       0
                stringtext35                       1977     1977        5     3000       0
                stringtext34                       1972     1972        5     3000       0
                stringtext33                       196D     196D        5     3000       0
                stringtext32                       1968     1968        5     3000       0
                stringtext31                       1962     1962        6     3000       0
                stringtext30                       195B     195B        7     3000       0
                stringtext29                       1953     1953        8     3000       0
                stringtext28                       194A     194A        9     3000       0
                stringtext27                       193F     193F        B     3000       0
                stringtext26                       1933     1933        C     3000       0
                stringtext25                       1927     1927        C     3000       0
                stringtext24                       191B     191B        C     3000       0
                stringtext23                       190F     190F        C     3000       0
                stringtext22                       1903     1903        C     3000       0
                stringtext21                       18F7     18F7        C     3000       0
                stringtext20                       18EA     18EA        D     3000       0
                stringtext19                       18DC     18DC        E     3000       0
                stringtext18                       18CE     18CE        E     3000       0
                stringtext17                       18C0     18C0        E     3000       0
                stringtext16                       18B2     18B2        E     3000       0
                stringtext15                       18A4     18A4        E     3000       0
                stringtext14                       1895     1895        F     3000       0
                stringtext13                       1886     1886        F     3000       0
                stringtext12                       1877     1877        F     3000       0
                stringtext11                       1868     1868        F     3000       0
                stringtext10                       1859     1859        F     3000       0
                stringtext9                        184A     184A        F     3000       0
                stringtext8                        183B     183B        F     3000       0
                stringtext7                        182C     182C        F     3000       0
                stringtext6                        181C     181C       10     3000       0
                stringtext5                        1800     1800       1C     3000       0
                stringtext4                        1992     1992        4     3000       0
                stringtext3                        198E     198E        4     3000       0
                stringtext2                        198A     198A        4     3000       0
                stringtext1                        1986     1986        4     3000       0

TOTAL           Name                               Link     Load   Length     Space
        CLASS   CODE           
                end_init                             1B       1B        2         0
                cinit                                1D       1D       1C         0
                intentry                              4        4       17         0
                reset_vec                             0        0        2         0
                text53                             1291     1291       2D         0
                text52                             10AC     10AC        9         0
                text51                             10BE     10BE        A         0
                text50                              7EC      7EC       14         0
                text48                             117A     117A       1A         0
                text47                             1095     1095        3         0
                text46                             13AD     13AD       36         0
                text45                             10F5     10F5        F         0
                text44                             10E8     10E8        D         0
                text43                             1149     1149       18         0
                text42                             11B1     11B1       20         0
                text41                             123F     123F       28         0
                text40                             10B5     10B5        9         0
                text39                             10A4     10A4        8         0
                text38                             10D2     10D2        B         0
                text37                             1478     1478       55         0
                text36                             142C     142C       4C         0
                text35                             1098     1098        5         0
                text34                             10DD     10DD        B         0
                text33                              BB9      BB9      20C         0
                text32                              A15      A15      1A4         0
                text31                             1775     1775       8B         0
                text30                             157F     157F       6F         0
                text29                              91B      91B       FA         0
                text28                             134B     134B       31         0
                text27                             11D1     11D1       24         0
                text26                              DC5      DC5      23B         0
                text25                             1669     1669       82         0
                text24                             16EB     16EB       8A         0
                text23                             109D     109D        7         0
                text22                             131B     131B       30         0
                text21                             1104     1104       10         0
                text20                             1161     1161       19         0
                text19                             1124     1124       12         0
                text18                             1267     1267       2A         0
                text17                             1219     1219       26         0
                text16                              806      806       36         0
                text15                             1114     1114       10         0
                text14                             12BE     12BE       2E         0
                text13                             11F5     11F5       24         0
                text12                             14CD     14CD       59         0
                text11                             13E3     13E3       49         0
                text10                                3        3        1         0
                text9                              1526     1526       59         0
                text8                               6B7      6B7      135         0
                text7                              12EC     12EC       2F         0
                text6                              15EE     15EE       7B         0
                text5                              10C8     10C8        A         0
                text4                              1194     1194       1D         0
                text3                               83C      83C       DF         0
                text2                              1136     1136       13         0
                text1                              137C     137C       31         0
                maintext                             39       39      67E         0
                clrtext                             800      800        6         0

        CLASS   STRCODE        
                stringtext37                       1981     1981        5         0
                stringtext36                       197C     197C        5         0
                stringtext35                       1977     1977        5         0
                stringtext34                       1972     1972        5         0
                stringtext33                       196D     196D        5         0
                stringtext32                       1968     1968        5         0
                stringtext31                       1962     1962        6         0
                stringtext30                       195B     195B        7         0
                stringtext29                       1953     1953        8         0
                stringtext28                       194A     194A        9         0
                stringtext27                       193F     193F        B         0
                stringtext26                       1933     1933        C         0
                stringtext25                       1927     1927        C         0
                stringtext24                       191B     191B        C         0
                stringtext23                       190F     190F        C         0
                stringtext22                       1903     1903        C         0
                stringtext21                       18F7     18F7        C         0
                stringtext20                       18EA     18EA        D         0
                stringtext19                       18DC     18DC        E         0
                stringtext18                       18CE     18CE        E         0
                stringtext17                       18C0     18C0        E         0
                stringtext16                       18B2     18B2        E         0
                stringtext15                       18A4     18A4        E         0
                stringtext14                       1895     1895        F         0
                stringtext13                       1886     1886        F         0
                stringtext12                       1877     1877        F         0
                stringtext11                       1868     1868        F         0
                stringtext10                       1859     1859        F         0
                stringtext9                        184A     184A        F         0
                stringtext8                        183B     183B        F         0
                stringtext7                        182C     182C        F         0
                stringtext6                        181C     181C       10         0
                stringtext5                        1800     1800       1C         0
                stringtext4                        1992     1992        4         0
                stringtext3                        198E     198E        4         0
                stringtext2                        198A     198A        4         0
                stringtext1                        1986     1986        4         0

        CLASS   STRING         

        CLASS   CONST          

        CLASS   ENTRY          

        CLASS   COMMON         
                cstackCOMMON                         70       70        A         1
                bssCOMMON                            7A       7A        2         1

        CLASS   BANK0          
                cstackBANK0                          20       20       4B         1
                bssBANK0                             6B       6B        5         1

        CLASS   BANK1          
                cstackBANK1                          A0       A0       2D         1
                bssBANK1                             CD       CD        B         1

        CLASS   BANK2          
                bssBANK2                            120      120       40         1

        CLASS   BANK3          

        CLASS   BANK4          

        CLASS   BANK5          

        CLASS   BANK6          

        CLASS   BANK7          

        CLASS   BANK8          

        CLASS   BANK9          

        CLASS   BANK10         

        CLASS   BANK11         

        CLASS   BANK12         

        CLASS   BANK13         

        CLASS   BANK14         

        CLASS   BANK15         

        CLASS   BANK16         

        CLASS   BANK17         

        CLASS   BANK18         

        CLASS   BANK19         

        CLASS   BANK20         

        CLASS   BANK21         

        CLASS   BANK22         

        CLASS   BANK23         

        CLASS   BANK24         

        CLASS   BANK25         

        CLASS   BIGRAM         

        CLASS   RAM            

        CLASS   ABS1           
                abs_s1                               7E       7E        2         1

        CLASS   SFR0           

        CLASS   SFR1           

        CLASS   SFR2           

        CLASS   SFR3           

        CLASS   SFR4           

        CLASS   SFR5           

        CLASS   SFR6           

        CLASS   SFR7           

        CLASS   SFR8           

        CLASS   SFR9           

        CLASS   SFR10          

        CLASS   SFR11          

        CLASS   SFR12          

        CLASS   SFR13          

        CLASS   SFR14          

        CLASS   SFR15          

        CLASS   SFR16          

        CLASS   SFR17          

        CLASS   SFR18          

        CLASS   SFR19          

        CLASS   SFR20          

        CLASS   SFR21          

        CLASS   SFR22          

        CLASS   SFR23          

        CLASS   SFR24          

        CLASS   SFR25          

        CLASS   SFR26          

        CLASS   SFR27          

        CLASS   SFR28          

        CLASS   SFR29          

        CLASS   SFR30          

        CLASS   SFR31          

        CLASS   SFR32          

        CLASS   SFR33          

        CLASS   SFR34          

        CLASS   SFR35          

        CLASS   SFR36          

        CLASS   SFR37          

        CLASS   SFR38          

        CLASS   SFR39          

        CLASS   SFR40          

        CLASS   SFR41          

        CLASS   SFR42          

        CLASS   SFR43          

        CLASS   SFR44          

        CLASS   SFR45          

        CLASS   SFR46          

        CLASS   SFR47          

        CLASS   SFR48          

        CLASS   SFR49          

        CLASS   SFR50          

        CLASS   SFR51          

        CLASS   SFR52          

        CLASS   SFR53          

        CLASS   SFR54          

        CLASS   SFR55          

        CLASS   SFR56          

        CLASS   SFR57          

        CLASS   SFR58          

        CLASS   SFR59          

        CLASS   SFR60          

        CLASS   SFR61          

        CLASS   SFR62          

        CLASS   SFR63          

        CLASS   CONFIG         
                config                             8007     8007        5         4

        CLASS   IDLOC          

        CLASS   BANK63         

        CLASS   BANK62         

        CLASS   BANK61         

        CLASS   BANK60         

        CLASS   BANK59         

        CLASS   BANK58         

        CLASS   BANK57         

        CLASS   BANK56         

        CLASS   BANK55         

        CLASS   BANK54         

        CLASS   BANK53         

        CLASS   BANK52         

        CLASS   BANK51         

        CLASS   BANK50         

        CLASS   BANK49         

        CLASS   BANK48         

        CLASS   BANK47         

        CLASS   BANK46         

        CLASS   BANK45         

        CLASS   BANK44         

        CLASS   BANK43         

        CLASS   BANK42         

        CLASS   BANK41         

        CLASS   BANK40         

        CLASS   BANK39         

        CLASS   BANK38         

        CLASS   BANK37         

        CLASS   BANK36         

        CLASS   BANK35         

        CLASS   BANK34         

        CLASS   BANK33         

        CLASS   BANK32         

        CLASS   BANK31         

        CLASS   BANK30         

        CLASS   BANK29         

        CLASS   BANK28         

        CLASS   BANK27         

        CLASS   BANK26         

        CLASS   HEAP           

        CLASS   STACK          

        CLASS   EEDATA         



SEGMENTS        Name                           Load    Length   Top    Selector   Space  Class     Delta

                reset_vec                      000000  000002  000002         0       0  CODE        2
                text10                         000003  000001  000004         6       0  CODE        2
                intentry                       000004  000802  000806         8       0  CODE        2
                cstackBANK0                    000020  000050  000070        20       1  BANK0       1
                cstackCOMMON                   000070  00000C  00007C        70       1  COMMON      1
                cstackBANK1                    0000A0  000038  0000D8        A0       1  BANK1       1
                bssBANK2                       000120  000040  000160       120       1  BANK2       1
                text16                         000806  000036  00083C      100C       0  CODE        2
                text3                          00083C  0000DF  00091B      1078       0  CODE        2
                text29                         00091B  0000FA  000A15      1236       0  CODE        2
                text32                         000A15  0001A4  000BB9      142A       0  CODE        2
                text33                         000BB9  00020C  000DC5      1772       0  CODE        2
                text26                         000DC5  00023B  001000      1B8A       0  CODE        2
                text47                         001095  000003  001098      212A       0  CODE        2
                text35                         001098  000005  00109D      2130       0  CODE        2
                text23                         00109D  000007  0010A4      213A       0  CODE        2
                text39                         0010A4  000008  0010AC      2148       0  CODE        2
                text52                         0010AC  000009  0010B5      2158       0  CODE        2
                text40                         0010B5  000009  0010BE      216A       0  CODE        2
                text51                         0010BE  00000A  0010C8      217C       0  CODE        2
                text5                          0010C8  00000A  0010D2      2190       0  CODE        2
                text38                         0010D2  00000B  0010DD      21A4       0  CODE        2
                text34                         0010DD  00000B  0010E8      21BA       0  CODE        2
                text44                         0010E8  00000D  0010F5      21D0       0  CODE        2
                text45                         0010F5  00000F  001104      21EA       0  CODE        2
                text21                         001104  000010  001114      2208       0  CODE        2
                text15                         001114  000010  001124      2228       0  CODE        2
                text19                         001124  000012  001136      2248       0  CODE        2
                text2                          001136  000013  001149      226C       0  CODE        2
                text43                         001149  000018  001161      2292       0  CODE        2
                text20                         001161  000019  00117A      22C2       0  CODE        2
                text48                         00117A  00001A  001194      22F4       0  CODE        2
                text4                          001194  00001D  0011B1      2328       0  CODE        2
                text42                         0011B1  000020  0011D1      2362       0  CODE        2
                text27                         0011D1  000024  0011F5      23A2       0  CODE        2
                text13                         0011F5  000024  001219      23EA       0  CODE        2
                text17                         001219  000026  00123F      2432       0  CODE        2
                text41                         00123F  000028  001267      247E       0  CODE        2
                text18                         001267  00002A  001291      24CE       0  CODE        2
                text53                         001291  00002D  0012BE      2522       0  CODE        2
                text14                         0012BE  00002E  0012EC      257C       0  CODE        2
                text7                          0012EC  00002F  00131B      25D8       0  CODE        2
                text22                         00131B  000030  00134B      2636       0  CODE        2
                text28                         00134B  000031  00137C      2696       0  CODE        2
                text1                          00137C  000031  0013AD      26F8       0  CODE        2
                text46                         0013AD  000036  0013E3      275A       0  CODE        2
                text11                         0013E3  000049  00142C      27C6       0  CODE        2
                text36                         00142C  00004C  001478      2858       0  CODE        2
                text37                         001478  000055  0014CD      28F0       0  CODE        2
                text12                         0014CD  000059  001526      299A       0  CODE        2
                text9                          001526  000059  00157F      2A4C       0  CODE        2
                text30                         00157F  00006F  0015EE      2AFE       0  CODE        2
                text6                          0015EE  00007B  001669      2BDC       0  CODE        2
                text25                         001669  000082  0016EB      2CD2       0  CODE        2
                text24                         0016EB  00008A  001775      2DD6       0  CODE        2
                text31                         001775  00008B  001800      2EEA       0  CODE        2
                stringtext5                    001800  000196  001996      3000       0  STRCODE     2


UNUSED ADDRESS RANGES

        Name                Unused          Largest block    Delta
        BANK1            000D8-000EF              18           1
        BANK10           00520-0056F              50           1
        BANK11           005A0-005EF              50           1
        BANK12           00620-0066F              50           1
        BANK13           006A0-006EF              50           1
        BANK14           00720-0076F              50           1
        BANK15           007A0-007EF              50           1
        BANK16           00820-0086F              50           1
        BANK17           008A0-008EF              50           1
        BANK18           00920-0096F              50           1
        BANK19           009A0-009EF              50           1
        BANK2            00160-0016F              10           1
        BANK20           00A20-00A6F              50           1
        BANK21           00AA0-00AEF              50           1
        BANK22           00B20-00B6F              50           1
        BANK23           00BA0-00BEF              50           1
        BANK24           00C20-00C6F              50           1
        BANK25           00CA0-00CBF              20           1
        BANK3            001A0-001EF              50           1
        BANK4            00220-0026F              50           1
        BANK5            002A0-002EF              50           1
        BANK6            00320-0036F              50           1
        BANK7            003A0-003EF              50           1
        BANK8            00420-0046F              50           1
        BANK9            004A0-004EF              50           1
        BIGRAM           02000-027EF             7F0           1
        CODE             00002-00002               1           2
                         01000-01094              95
                         01996-03FFF             800
        COMMON           0007C-0007D               2           1
        CONST            00002-00002               1           2
                         01000-01094              95
                         01996-03FFF             100
        ENTRY            00002-00002               1           2
                         01000-01094              95
                         01996-03FFF             100
        IDLOC            08000-08003               4           2
        RAM              000D8-000EF              18           1
                         00160-0016F              10
                         001A0-001EF              50
                         00220-0026F              50
                         002A0-002EF              50
                         00320-0036F              50
                         003A0-003EF              50
                         00420-0046F              50
                         004A0-004EF              50
                         00520-0056F              50
                         005A0-005EF              50
                         00620-0066F              50
                         006A0-006EF              50
                         00720-0076F              50
                         007A0-007EF              50
                         00820-0086F              50
                         008A0-008EF              50
                         00920-0096F              50
                         009A0-009EF              50
                         00A20-00A6F              50
                         00AA0-00AEF              50
                         00B20-00B6F              50
                         00BA0-00BEF              50
                         00C20-00C6F              50
                         00CA0-00CBF              20
        SFR0             00000-0001F              20           1
        SFR1             00080-0009F              20           1
        SFR10            00500-0051F              20           1
        SFR11            00580-0059F              20           1
        SFR12            00600-0061F              20           1
        SFR13            00680-0069F              20           1
        SFR14            00700-0071F              20           1
        SFR15            00780-0079F              20           1
        SFR16            00800-0081F              20           1
        SFR17            00880-0089F              20           1
        SFR18            00900-0091F              20           1
        SFR19            00980-0099F              20           1
        SFR2             00100-0011F              20           1
        SFR20            00A00-00A1F              20           1
        SFR21            00A80-00A9F              20           1
        SFR22            00B00-00B1F              20           1
        SFR23            00B80-00B9F              20           1
        SFR24            00C00-00C1F              20           1
        SFR25            00C80-00C9F              20           1
        SFR26            00D00-00D6F              70           1
        SFR27            00D80-00DEF              70           1
        SFR28            00E00-00E6F              70           1
        SFR29            00E80-00EEF              70           1
        SFR3             00180-0019F              20           1
        SFR30            00F00-00F6F              70           1
        SFR31            00F80-00FEF              70           1
        SFR32            01000-0106F              70           1
        SFR33            01080-010EF              70           1
        SFR34            01100-0116F              70           1
        SFR35            01180-011EF              70           1
        SFR36            01200-0126F              70           1
        SFR37            01280-012EF              70           1
        SFR38            01300-0136F              70           1
        SFR39            01380-013EF              70           1
        SFR4             00200-0021F              20           1
        SFR40            01400-0146F              70           1
        SFR41            01480-014EF              70           1
        SFR42            01500-0156F              70           1
        SFR43            01580-015EF              70           1
        SFR44            01600-0166F              70           1
        SFR45            01680-016EF              70           1
        SFR46            01700-0176F              70           1
        SFR47            01780-017EF              70           1
        SFR48            01800-0186F              70           1
        SFR49            01880-018EF              70           1
        SFR5             00280-0029F              20           1
        SFR50            01900-0196F              70           1
        SFR51            01980-019EF              70           1
        SFR52            01A00-01A6F              70           1
        SFR53            01A80-01AEF              70           1
        SFR54            01B00-01B6F              70           1
        SFR55            01B80-01BEF              70           1
        SFR56            01C00-01C6F              70           1
        SFR57            01C80-01CEF              70           1
        SFR58            01D00-01D6F              70           1
        SFR59            01D80-01DEF              70           1
        SFR6             00300-0031F              20           1
        SFR60            01E00-01E6F              70           1
        SFR61            01E80-01EEF              70           1
        SFR62            01F00-01F6F              70           1
        SFR63            01F80-01FEF              70           1
        SFR7             00380-0039F              20           1
        SFR8             00400-0041F              20           1
        SFR9             00480-0049F              20           1
        STRCODE          00002-00002               1           2
                         01000-01094              95
                         01996-03FFF            266A
        STRING           00002-00002               1           2
                         01000-01094              95
                         01996-03FFF             100

                                  Symbol Table

?_ADC_Read_RA1_Code                                       cstackCOMMON 00074
?_ADC_Read_RC7_Code                                       cstackCOMMON 00074
?__Umul8_16                                               cstackCOMMON 00072
?___fladd                                                 cstackCOMMON 00072
?___fldiv                                                 cstackCOMMON 00072
?___flmul                                                 cstackBANK0  00025
?___fltol                                                 cstackBANK0  0002C
?___lldiv                                                 cstackCOMMON 00072
?___llmod                                                 cstackCOMMON 00072
?___lmul                                                  cstackCOMMON 00072
?_motor_timer1_reload_from_interrupt_hz                   cstackBANK0  0003E
?_snprintf                                                cstackBANK0  0003E
?_uart_calculate_brg_value                                cstackCOMMON 00072
?_vfpfcnvrt                                               cstackBANK0  00025
?_vfprintf                                                cstackBANK0  00036
_ADCON0                                                   (abs)        0009D
_ADCON0bits                                               (abs)        0009D
_ADCON1                                                   (abs)        0009E
_ADCON1bits                                               (abs)        0009E
_ADC_Init_RC7                                             text48       0117A
_ADC_Read_RA1_Code                                        text18       01267
_ADC_Read_RC7_Code                                        text17       01219
_ADRESH                                                   (abs)        0009C
_ADRESL                                                   (abs)        0009B
_ANSELAbits                                               (abs)        01F38
_ANSELBbits                                               (abs)        01F43
_ANSELCbits                                               (abs)        01F4E
_BAUD1CONbits                                             (abs)        0011F
_FVRCONbits                                               (abs)        0090C
_INTCONbits                                               (abs)        0000B
_LATBbits                                                 (abs)        00019
_LATCbits                                                 (abs)        0001A
_PIE1bits                                                 (abs)        00717
_PIR1bits                                                 (abs)        0070D
_PPSLOCK                                                  (abs)        01E8F
_PPSLOCKbits                                              (abs)        01E8F
_RC1REG                                                   (abs)        00119
_RC1STAbits                                               (abs)        0011D
_RC3PPS                                                   (abs)        01F23
_RC4PPS                                                   (abs)        01F24
_RC6PPS                                                   (abs)        01F26
_RX1PPS                                                   (abs)        01ECB
_SP1BRGH                                                  (abs)        0011C
_SP1BRGL                                                  (abs)        0011B
_SSP1ADD                                                  (abs)        0018D
_SSP1BUF                                                  (abs)        0018C
_SSP1CLKPPS                                               (abs)        01EC5
_SSP1CON1                                                 (abs)        00190
_SSP1CON1bits                                             (abs)        00190
_SSP1CON2                                                 (abs)        00191
_SSP1CON2bits                                             (abs)        00191
_SSP1CON3                                                 (abs)        00192
_SSP1DATPPS                                               (abs)        01EC6
_SSP1STAT                                                 (abs)        0018F
_SSP1STATbits                                             (abs)        0018F
_T1CLKbits                                                (abs)        00211
_T1CONbits                                                (abs)        0020E
_TMR1H                                                    (abs)        0020D
_TMR1L                                                    (abs)        0020C
_TRISAbits                                                (abs)        00012
_TRISBbits                                                (abs)        00013
_TRISCbits                                                (abs)        00014
_TX1REG                                                   (abs)        0011A
_TX1STAbits                                               (abs)        0011E
__H__absolute__                                           __absolute__ 00000
__Habs1                                                   abs1         00000
__Hbank0                                                  bank0        00000
__Hbank1                                                  bank1        00000
__Hbank10                                                 bank10       00000
__Hbank11                                                 bank11       00000
__Hbank12                                                 bank12       00000
__Hbank13                                                 bank13       00000
__Hbank14                                                 bank14       00000
__Hbank15                                                 bank15       00000
__Hbank16                                                 bank16       00000
__Hbank17                                                 bank17       00000
__Hbank18                                                 bank18       00000
__Hbank19                                                 bank19       00000
__Hbank2                                                  bank2        00000
__Hbank20                                                 bank20       00000
__Hbank21                                                 bank21       00000
__Hbank22                                                 bank22       00000
__Hbank23                                                 bank23       00000
__Hbank24                                                 bank24       00000
__Hbank25                                                 bank25       00000
__Hbank26                                                 bank26       00000
__Hbank27                                                 bank27       00000
__Hbank28                                                 bank28       00000
__Hbank29                                                 bank29       00000
__Hbank3                                                  bank3        00000
__Hbank30                                                 bank30       00000
__Hbank31                                                 bank31       00000
__Hbank32                                                 bank32       00000
__Hbank33                                                 bank33       00000
__Hbank34                                                 bank34       00000
__Hbank35                                                 bank35       00000
__Hbank36                                                 bank36       00000
__Hbank37                                                 bank37       00000
__Hbank38                                                 bank38       00000
__Hbank39                                                 bank39       00000
__Hbank4                                                  bank4        00000
__Hbank40                                                 bank40       00000
__Hbank41                                                 bank41       00000
__Hbank42                                                 bank42       00000
__Hbank43                                                 bank43       00000
__Hbank44                                                 bank44       00000
__Hbank45                                                 bank45       00000
__Hbank46                                                 bank46       00000
__Hbank47                                                 bank47       00000
__Hbank48                                                 bank48       00000
__Hbank49                                                 bank49       00000
__Hbank5                                                  bank5        00000
__Hbank50                                                 bank50       00000
__Hbank51                                                 bank51       00000
__Hbank52                                                 bank52       00000
__Hbank53                                                 bank53       00000
__Hbank54                                                 bank54       00000
__Hbank55                                                 bank55       00000
__Hbank56                                                 bank56       00000
__Hbank57                                                 bank57       00000
__Hbank58                                                 bank58       00000
__Hbank59                                                 bank59       00000
__Hbank6                                                  bank6        00000
__Hbank60                                                 bank60       00000
__Hbank61                                                 bank61       00000
__Hbank62                                                 bank62       00000
__Hbank63                                                 bank63       00000
__Hbank7                                                  bank7        00000
__Hbank8                                                  bank8        00000
__Hbank9                                                  bank9        00000
__Hbigram                                                 bigram       00000
__HbssBANK0                                               bssBANK0     00000
__HbssBANK1                                               bssBANK1     00000
__HbssBANK2                                               bssBANK2     00000
__HbssCOMMON                                              bssCOMMON    00000
__Hcinit                                                  cinit        00039
__Hclrtext                                                clrtext      00000
__Hcode                                                   code         00000
__Hcommon                                                 common       00000
__Hconfig                                                 config       0800C
__HcstackBANK0                                            cstackBANK0  00000
__HcstackBANK1                                            cstackBANK1  00000
__HcstackCOMMON                                           cstackCOMMON 00000
__Heeprom_data                                            eeprom_data  00000
__Hend_init                                               end_init     0001D
__Hfunctab                                                functab      00000
__Hheap                                                   heap         00000
__Hinit                                                   init         0001B
__Hintentry                                               intentry     0001B
__Hmaintext                                               maintext     00000
__Hpowerup                                                powerup      00000
__Hram                                                    ram          00000
__Hreset_vec                                              reset_vec    00002
__Hsfr0                                                   sfr0         00000
__Hsfr1                                                   sfr1         00000
__Hsfr10                                                  sfr10        00000
__Hsfr11                                                  sfr11        00000
__Hsfr12                                                  sfr12        00000
__Hsfr13                                                  sfr13        00000
__Hsfr14                                                  sfr14        00000
__Hsfr15                                                  sfr15        00000
__Hsfr16                                                  sfr16        00000
__Hsfr17                                                  sfr17        00000
__Hsfr18                                                  sfr18        00000
__Hsfr19                                                  sfr19        00000
__Hsfr2                                                   sfr2         00000
__Hsfr20                                                  sfr20        00000
__Hsfr21                                                  sfr21        00000
__Hsfr22                                                  sfr22        00000
__Hsfr23                                                  sfr23        00000
__Hsfr24                                                  sfr24        00000
__Hsfr25                                                  sfr25        00000
__Hsfr26                                                  sfr26        00000
__Hsfr27                                                  sfr27        00000
__Hsfr28                                                  sfr28        00000
__Hsfr29                                                  sfr29        00000
__Hsfr3                                                   sfr3         00000
__Hsfr30                                                  sfr30        00000
__Hsfr31                                                  sfr31        00000
__Hsfr32                                                  sfr32        00000
__Hsfr33                                                  sfr33        00000
__Hsfr34                                                  sfr34        00000
__Hsfr35                                                  sfr35        00000
__Hsfr36                                                  sfr36        00000
__Hsfr37                                                  sfr37        00000
__Hsfr38                                                  sfr38        00000
__Hsfr39                                                  sfr39        00000
__Hsfr4                                                   sfr4         00000
__Hsfr40                                                  sfr40        00000
__Hsfr41                                                  sfr41        00000
__Hsfr42                                                  sfr42        00000
__Hsfr43                                                  sfr43        00000
__Hsfr44                                                  sfr44        00000
__Hsfr45                                                  sfr45        00000
__Hsfr46                                                  sfr46        00000
__Hsfr47                                                  sfr47        00000
__Hsfr48                                                  sfr48        00000
__Hsfr49                                                  sfr49        00000
__Hsfr5                                                   sfr5         00000
__Hsfr50                                                  sfr50        00000
__Hsfr51                                                  sfr51        00000
__Hsfr52                                                  sfr52        00000
__Hsfr53                                                  sfr53        00000
__Hsfr54                                                  sfr54        00000
__Hsfr55                                                  sfr55        00000
__Hsfr56                                                  sfr56        00000
__Hsfr57                                                  sfr57        00000
__Hsfr58                                                  sfr58        00000
__Hsfr59                                                  sfr59        00000
__Hsfr6                                                   sfr6         00000
__Hsfr60                                                  sfr60        00000
__Hsfr61                                                  sfr61        00000
__Hsfr62                                                  sfr62        00000
__Hsfr63                                                  sfr63        00000
__Hsfr7                                                   sfr7         00000
__Hsfr8                                                   sfr8         00000
__Hsfr9                                                   sfr9         00000
__Hsivt                                                   sivt         0001B
__Hspace_0                                                (abs)        01996
__Hspace_1                                                (abs)        00160
__Hspace_2                                                (abs)        00000
__Hspace_3                                                (abs)        00000
__Hspace_4                                                (abs)        10013
__Hstack                                                  stack        00000
__Hstrings                                                strings      00000
__Hstringtext1                                            stringtext1  00000
__Hstringtext10                                           stringtext10 00000
__Hstringtext11                                           stringtext11 00000
__Hstringtext12                                           stringtext12 00000
__Hstringtext13                                           stringtext13 00000
__Hstringtext14                                           stringtext14 00000
__Hstringtext15                                           stringtext15 00000
__Hstringtext16                                           stringtext16 00000
__Hstringtext17                                           stringtext17 00000
__Hstringtext18                                           stringtext18 00000
__Hstringtext19                                           stringtext19 00000
__Hstringtext2                                            stringtext2  00000
__Hstringtext20                                           stringtext20 00000
__Hstringtext21                                           stringtext21 00000
__Hstringtext22                                           stringtext22 00000
__Hstringtext23                                           stringtext23 00000
__Hstringtext24                                           stringtext24 00000
__Hstringtext25                                           stringtext25 00000
__Hstringtext26                                           stringtext26 00000
__Hstringtext27                                           stringtext27 00000
__Hstringtext28                                           stringtext28 00000
__Hstringtext29                                           stringtext29 00000
__Hstringtext3                                            stringtext3  00000
__Hstringtext30                                           stringtext30 00000
__Hstringtext31                                           stringtext31 00000
__Hstringtext32                                           stringtext32 00000
__Hstringtext33                                           stringtext33 00000
__Hstringtext34                                           stringtext34 00000
__Hstringtext35                                           stringtext35 00000
__Hstringtext36                                           stringtext36 00000
__Hstringtext37                                           stringtext37 00000
__Hstringtext38                                           stringtext38 00000
__Hstringtext4                                            stringtext4  00000
__Hstringtext5                                            stringtext5  00000
__Hstringtext6                                            stringtext6  00000
__Hstringtext7                                            stringtext7  00000
__Hstringtext8                                            stringtext8  00000
__Hstringtext9                                            stringtext9  00000
__Htext                                                   text         00000
__L__absolute__                                           __absolute__ 00000
__Labs1                                                   abs1         00000
__Lbank0                                                  bank0        00000
__Lbank1                                                  bank1        00000
__Lbank10                                                 bank10       00000
__Lbank11                                                 bank11       00000
__Lbank12                                                 bank12       00000
__Lbank13                                                 bank13       00000
__Lbank14                                                 bank14       00000
__Lbank15                                                 bank15       00000
__Lbank16                                                 bank16       00000
__Lbank17                                                 bank17       00000
__Lbank18                                                 bank18       00000
__Lbank19                                                 bank19       00000
__Lbank2                                                  bank2        00000
__Lbank20                                                 bank20       00000
__Lbank21                                                 bank21       00000
__Lbank22                                                 bank22       00000
__Lbank23                                                 bank23       00000
__Lbank24                                                 bank24       00000
__Lbank25                                                 bank25       00000
__Lbank26                                                 bank26       00000
__Lbank27                                                 bank27       00000
__Lbank28                                                 bank28       00000
__Lbank29                                                 bank29       00000
__Lbank3                                                  bank3        00000
__Lbank30                                                 bank30       00000
__Lbank31                                                 bank31       00000
__Lbank32                                                 bank32       00000
__Lbank33                                                 bank33       00000
__Lbank34                                                 bank34       00000
__Lbank35                                                 bank35       00000
__Lbank36                                                 bank36       00000
__Lbank37                                                 bank37       00000
__Lbank38                                                 bank38       00000
__Lbank39                                                 bank39       00000
__Lbank4                                                  bank4        00000
__Lbank40                                                 bank40       00000
__Lbank41                                                 bank41       00000
__Lbank42                                                 bank42       00000
__Lbank43                                                 bank43       00000
__Lbank44                                                 bank44       00000
__Lbank45                                                 bank45       00000
__Lbank46                                                 bank46       00000
__Lbank47                                                 bank47       00000
__Lbank48                                                 bank48       00000
__Lbank49                                                 bank49       00000
__Lbank5                                                  bank5        00000
__Lbank50                                                 bank50       00000
__Lbank51                                                 bank51       00000
__Lbank52                                                 bank52       00000
__Lbank53                                                 bank53       00000
__Lbank54                                                 bank54       00000
__Lbank55                                                 bank55       00000
__Lbank56                                                 bank56       00000
__Lbank57                                                 bank57       00000
__Lbank58                                                 bank58       00000
__Lbank59                                                 bank59       00000
__Lbank6                                                  bank6        00000
__Lbank60                                                 bank60       00000
__Lbank61                                                 bank61       00000
__Lbank62                                                 bank62       00000
__Lbank63                                                 bank63       00000
__Lbank7                                                  bank7        00000
__Lbank8                                                  bank8        00000
__Lbank9                                                  bank9        00000
__Lbigram                                                 bigram       00000
__LbssBANK0                                               bssBANK0     00000
__LbssBANK1                                               bssBANK1     00000
__LbssBANK2                                               bssBANK2     00000
__LbssCOMMON                                              bssCOMMON    00000
__Lcinit                                                  cinit        0001D
__Lclrtext                                                clrtext      00000
__Lcode                                                   code         00000
__Lcommon                                                 common       00000
__Lconfig                                                 config       00000
__LcstackBANK0                                            cstackBANK0  00000
__LcstackBANK1                                            cstackBANK1  00000
__LcstackCOMMON                                           cstackCOMMON 00000
__Leeprom_data                                            eeprom_data  00000
__Lend_init                                               end_init     0001B
__Lfunctab                                                functab      00000
__Lheap                                                   heap         00000
__Linit                                                   init         0001B
__Lintentry                                               intentry     00004
__Lmaintext                                               maintext     00000
__Lpowerup                                                powerup      00000
__Lram                                                    ram          00000
__Lreset_vec                                              reset_vec    00000
__Lsfr0                                                   sfr0         00000
__Lsfr1                                                   sfr1         00000
__Lsfr10                                                  sfr10        00000
__Lsfr11                                                  sfr11        00000
__Lsfr12                                                  sfr12        00000
__Lsfr13                                                  sfr13        00000
__Lsfr14                                                  sfr14        00000
__Lsfr15                                                  sfr15        00000
__Lsfr16                                                  sfr16        00000
__Lsfr17                                                  sfr17        00000
__Lsfr18                                                  sfr18        00000
__Lsfr19                                                  sfr19        00000
__Lsfr2                                                   sfr2         00000
__Lsfr20                                                  sfr20        00000
__Lsfr21                                                  sfr21        00000
__Lsfr22                                                  sfr22        00000
__Lsfr23                                                  sfr23        00000
__Lsfr24                                                  sfr24        00000
__Lsfr25                                                  sfr25        00000
__Lsfr26                                                  sfr26        00000
__Lsfr27                                                  sfr27        00000
__Lsfr28                                                  sfr28        00000
__Lsfr29                                                  sfr29        00000
__Lsfr3                                                   sfr3         00000
__Lsfr30                                                  sfr30        00000
__Lsfr31                                                  sfr31        00000
__Lsfr32                                                  sfr32        00000
__Lsfr33                                                  sfr33        00000
__Lsfr34                                                  sfr34        00000
__Lsfr35                                                  sfr35        00000
__Lsfr36                                                  sfr36        00000
__Lsfr37                                                  sfr37        00000
__Lsfr38                                                  sfr38        00000
__Lsfr39                                                  sfr39        00000
__Lsfr4                                                   sfr4         00000
__Lsfr40                                                  sfr40        00000
__Lsfr41                                                  sfr41        00000
__Lsfr42                                                  sfr42        00000
__Lsfr43                                                  sfr43        00000
__Lsfr44                                                  sfr44        00000
__Lsfr45                                                  sfr45        00000
__Lsfr46                                                  sfr46        00000
__Lsfr47                                                  sfr47        00000
__Lsfr48                                                  sfr48        00000
__Lsfr49                                                  sfr49        00000
__Lsfr5                                                   sfr5         00000
__Lsfr50                                                  sfr50        00000
__Lsfr51                                                  sfr51        00000
__Lsfr52                                                  sfr52        00000
__Lsfr53                                                  sfr53        00000
__Lsfr54                                                  sfr54        00000
__Lsfr55                                                  sfr55        00000
__Lsfr56                                                  sfr56        00000
__Lsfr57                                                  sfr57        00000
__Lsfr58                                                  sfr58        00000
__Lsfr59                                                  sfr59        00000
__Lsfr6                                                   sfr6         00000
__Lsfr60                                                  sfr60        00000
__Lsfr61                                                  sfr61        00000
__Lsfr62                                                  sfr62        00000
__Lsfr63                                                  sfr63        00000
__Lsfr7                                                   sfr7         00000
__Lsfr8                                                   sfr8         00000
__Lsfr9                                                   sfr9         00000
__Lsivt                                                   sivt         0001B
__Lspace_0                                                (abs)        00000
__Lspace_1                                                (abs)        00000
__Lspace_2                                                (abs)        00000
__Lspace_3                                                (abs)        00000
__Lspace_4                                                (abs)        00000
__Lstack                                                  stack        00000
__Lstrings                                                strings      00000
__Lstringtext1                                            stringtext1  00000
__Lstringtext10                                           stringtext10 00000
__Lstringtext11                                           stringtext11 00000
__Lstringtext12                                           stringtext12 00000
__Lstringtext13                                           stringtext13 00000
__Lstringtext14                                           stringtext14 00000
__Lstringtext15                                           stringtext15 00000
__Lstringtext16                                           stringtext16 00000
__Lstringtext17                                           stringtext17 00000
__Lstringtext18                                           stringtext18 00000
__Lstringtext19                                           stringtext19 00000
__Lstringtext2                                            stringtext2  00000
__Lstringtext20                                           stringtext20 00000
__Lstringtext21                                           stringtext21 00000
__Lstringtext22                                           stringtext22 00000
__Lstringtext23                                           stringtext23 00000
__Lstringtext24                                           stringtext24 00000
__Lstringtext25                                           stringtext25 00000
__Lstringtext26                                           stringtext26 00000
__Lstringtext27                                           stringtext27 00000
__Lstringtext28                                           stringtext28 00000
__Lstringtext29                                           stringtext29 00000
__Lstringtext3                                            stringtext3  00000
__Lstringtext30                                           stringtext30 00000
__Lstringtext31                                           stringtext31 00000
__Lstringtext32                                           stringtext32 00000
__Lstringtext33                                           stringtext33 00000
__Lstringtext34                                           stringtext34 00000
__Lstringtext35                                           stringtext35 00000
__Lstringtext36                                           stringtext36 00000
__Lstringtext37                                           stringtext37 00000
__Lstringtext38                                           stringtext38 00000
__Lstringtext4                                            stringtext4  00000
__Lstringtext5                                            stringtext5  00000
__Lstringtext6                                            stringtext6  00000
__Lstringtext7                                            stringtext7  00000
__Lstringtext8                                            stringtext8  00000
__Lstringtext9                                            stringtext9  00000
__Ltext                                                   text         00000
__S0                                                      (abs)        01996
__S1                                                      (abs)        00160
__Umul8_16                                                text27       011D1
__Umul8_16@multiplicand                                   cstackCOMMON 00072
__Umul8_16@multiplier                                     cstackBANK0  00024
__Umul8_16@product                                        cstackBANK0  00020
__Umul8_16@word_mpld                                      cstackBANK0  00022
___fladd                                                  text33       00BB9
___fladd@a                                                cstackCOMMON 00076
___fladd@aexp                                             cstackBANK0  00029
___fladd@b                                                cstackCOMMON 00072
___fladd@bexp                                             cstackBANK0  0002A
___fladd@grs                                              cstackBANK0  0002B
___fladd@signs                                            cstackBANK0  00028
___fldiv                                                  text32       00A15
___fldiv@a                                                cstackCOMMON 00072
___fldiv@aexp                                             cstackBANK0  00031
___fldiv@b                                                cstackCOMMON 00076
___fldiv@bexp                                             cstackBANK0  00030
___fldiv@grs                                              cstackBANK0  0002C
___fldiv@new_exp                                          cstackBANK0  0002A
___fldiv@rem                                              cstackBANK0  00025
___fldiv@sign                                             cstackBANK0  00029
___flge                                                   text31       01775
___flge@ff1                                               cstackBANK0  00032
___flge@ff2                                               cstackBANK0  00036
___flmul                                                  text26       00DC5
___flmul@a                                                cstackBANK0  00029
___flmul@aexp                                             cstackBANK0  00033
___flmul@b                                                cstackBANK0  00025
___flmul@bexp                                             cstackBANK0  00038
___flmul@grs                                              cstackBANK0  00034
___flmul@prod                                             cstackBANK0  00039
___flmul@sign                                             cstackBANK0  00032
___flmul@temp                                             cstackBANK0  0003D
___fltol                                                  text30       0157F
___fltol@exp1                                             cstackBANK0  00035
___fltol@f1                                               cstackBANK0  0002C
___fltol@sign1                                            cstackBANK0  00034
[...]
__pstringtext9                                            stringtext9  0184A
__ptext1                                                  text1        0137C
__ptext10                                                 text10       00003
__ptext11                                                 text11       013E3
__ptext12                                                 text12       014CD
__ptext13                                                 text13       011F5
__ptext14                                                 text14       012BE
__ptext15                                                 text15       01114
__ptext16                                                 text16       00806
__ptext17                                                 text17       01219
__ptext18                                                 text18       01267
__ptext19                                                 text19       01124
__ptext2                                                  text2        01136
__ptext20                                                 text20       01161
__ptext21                                                 text21       01104
__ptext22                                                 text22       0131B
__ptext23                                                 text23       0109D
__ptext24                                                 text24       016EB
__ptext25                                                 text25       01669
__ptext26                                                 text26       00DC5
__ptext27                                                 text27       011D1
__ptext28                                                 text28       0134B
__ptext29                                                 text29       0091B
__ptext3                                                  text3        0083C
__ptext30                                                 text30       0157F
__ptext31                                                 text31       01775
__ptext32                                                 text32       00A15
__ptext33                                                 text33       00BB9
__ptext34                                                 text34       010DD
__ptext35                                                 text35       01098
__ptext36                                                 text36       0142C
__ptext37                                                 text37       01478
__ptext38                                                 text38       010D2
__ptext39                                                 text39       010A4
__ptext4                                                  text4        01194
__ptext40                                                 text40       010B5
__ptext41                                                 text41       0123F
__ptext42                                                 text42       011B1
__ptext43                                                 text43       01149
__ptext44                                                 text44       010E8
__ptext45                                                 text45       010F5
__ptext46                                                 text46       013AD
__ptext47                                                 text47       01095
__ptext48                                                 text48       0117A
__ptext5                                                  text5        010C8
__ptext50                                                 text50       007EC
__ptext51                                                 text51       010BE
__ptext52                                                 text52       010AC
__ptext53                                                 text53       01291
__ptext6                                                  text6        015EE
__ptext7                                                  text7        012EC
__ptext8                                                  text8        006B7
__ptext9                                                  text9        01526
_adc_acquire_delay_us                                     text19       01124
_dbuf                                                     bssBANK2     00120
_delay_ms_interruptible                                   text14       012BE
_errno                                                    bssBANK1     000D3
_flags                                                    bssBANK1     000D5
_fputc                                                    text9        01526
_g_measurement_adc_source                                 bssBANK1     000D6
_g_motor_running                                          bssBANK0     0006F
_g_step_pin_state                                         bssBANK0     0006E
_g_stop_requested                                         bssBANK1     000D7
_g_tmr1_reload                                            bssBANK0     0006B
_g_uart_rx_byte                                           bssCOMMON    0007B
_g_uart_rx_ready                                          bssBANK0     0006D
_i2c_clear_interrupt_flag                                 text47       01095
_i2c_idle_wait                                            text45       010F5
_i2c_init                                                 text46       013AD
_i2c_start                                                text42       011B1
_i2c_stop                                                 text44       010E8
_i2c_write                                                text43       01149
_i2c_write_register                                       text41       0123F
_isr                                                      intentry     00004
_lmp91000_lock                                            text40       010B5
_lmp91000_start_ca_measurement                            text37       01478
_lmp91000_start_ocp_measurement                           text36       0142C
_lmp91000_stop_measurement                                text13       011F5
_lmp91000_unlock                                          text39       010A4
_lmp91000_write_register                                  text38       010D2
_main                                                     maintext     00039
_measurement_set_adc_source                               text35       01098
_motor_init                                               text28       0134B
_motor_isr                                                text53       01291
_motor_set_direction                                      text34       010DD
_motor_start_for_flow_ul_min                              text24       016EB
_motor_start_with_step_hz                                 text25       01669
_motor_stop                                               text23       0109D
_motor_timer1_reload_from_interrupt_hz                    text29       0091B
_mux_init                                                 text21       01104
_mux_select                                               text20       01161
_mux_write_address                                        text22       0131B
_nout                                                     bssBANK1     000CD
_prec                                                     bssBANK1     000D1
_putch                                                    text10       00003
_receive_buffer                                           bssBANK2     00140
_receive_index                                            bssCOMMON    0007A
_run_measurement_loop                                     text3        0083C
_snprintf                                                 text6        015EE
_snprintf$1887                                            cstackBANK0  0004C
_uart_calculate_brg_value                                 text2        01136
_uart_handle_overrun                                      text52       010AC
_uart_init                                                text1        0137C
_uart_rx_isr                                              text50       007EC
_uart_try_read_byte                                       text15       01114
_uart_write_byte                                          text5        010C8
_uart_write_string                                        text4        01194
_vfpfcnvrt                                                text8        006B7
_vfprintf                                                 text7        012EC
_width                                                    bssBANK1     000CF
adc_acquire_delay_us@us                                   cstackCOMMON 00072
btemp                                                     (abs)        0007E
btemp0                                                    (abs)        0007E
btemp1                                                    (abs)        0007F
clear_ram0                                                clrtext      00800
delay_ms_interruptible@b                                  cstackCOMMON 00078
delay_ms_interruptible@i                                  cstackCOMMON 00076
delay_ms_interruptible@ms                                 cstackCOMMON 00073
end_of_initialization                                     cinit        00035
fputc@c                                                   cstackCOMMON 00072
fputc@fp                                                  cstackCOMMON 00074
i1_uart_write_byte                                        text51       010BE
i1uart_write_byte@data                                    cstackCOMMON 00070
i2c_start@address                                         cstackCOMMON 00074
i2c_start@control_byte                                    cstackCOMMON 00075
i2c_start@direction                                       cstackCOMMON 00073
i2c_write@data                                            cstackCOMMON 00072
i2c_write_register@address                                cstackCOMMON 00078
i2c_write_register@reg                                    cstackCOMMON 00076
i2c_write_register@value                                  cstackCOMMON 00077
int$flags                                                 (abs)        0007E
intlevel0                                                 functab      00000
intlevel1                                                 functab      00000
intlevel2                                                 functab      00000
intlevel3                                                 functab      00000
intlevel4                                                 functab      00000
intlevel5                                                 functab      00000
lmp91000_write_register@reg                               cstackBANK0  00020
lmp91000_write_register@value                             cstackCOMMON 00079
ltemp0a                                                   (abs)        00080
main@b                                                    cstackBANK0  0006A
measurement_set_adc_source@source                         cstackCOMMON 00072
motor_set_direction@forward                               cstackCOMMON 00072
motor_start_for_flow_ul_min@flow_ul_min                   cstackBANK0  00056
motor_start_for_flow_ul_min@motor_steps_per_rev_effective cstackBANK0  0005A
motor_start_for_flow_ul_min@rev_per_min                   cstackBANK0  0005E
motor_start_for_flow_ul_min@step_frequency_hz             cstackBANK0  00066
motor_start_for_flow_ul_min@steps_per_min                 cstackBANK0  00062
motor_start_with_step_hz@interrupt_hz                     cstackBANK0  00050
motor_start_with_step_hz@reload                           cstackBANK0  00054
motor_start_with_step_hz@step_hz                          cstackBANK0  0004C
motor_timer1_reload_from_interrupt_hz@counts_f            cstackBANK0  00048
motor_timer1_reload_from_interrupt_hz@interrupt_hz        cstackBANK0  0003E
motor_timer1_reload_from_interrupt_hz@tick_hz             cstackBANK0  00044
mux_select@address                                        cstackCOMMON 00076
mux_select@channel                                        cstackCOMMON 00077
mux_write_address@address                                 cstackCOMMON 00074
mux_write_address@masked_address                          cstackCOMMON 00075
reset_vec                                                 reset_vec    00000
run_measurement_loop@ADCread                              cstackBANK1  000C6
run_measurement_loop@TotalSamplingNumber                  cstackBANK0  0005C
run_measurement_loop@b                                    cstackBANK1  000CC
run_measurement_loop@i                                    cstackBANK1  000CA
run_measurement_loop@line                                 cstackBANK1  000A0
run_measurement_loop@n                                    cstackBANK1  000C4
run_measurement_loop@sampling_rate                        cstackBANK0  0005E
run_measurement_loop@second                               cstackBANK1  000C8
run_measurement_loop@time_ms                              cstackBANK1  000C0
snprintf@ap                                               cstackBANK0  0004E
snprintf@cnt                                              cstackBANK0  0004F
snprintf@f                                                cstackBANK0  00051
snprintf@fmt                                              cstackBANK0  00041
snprintf@n                                                cstackBANK0  0003F
snprintf@s                                                cstackBANK0  0003E
start                                                     init         0001B
start_initialization                                      cinit        0001D
ttemp0a                                                   (abs)        0007F
uart_calculate_brg_value@value                            cstackCOMMON 00074
uart_init@brg_value                                       cstackCOMMON 00078
uart_rx_isr@c                                             cstackCOMMON 00071
uart_try_read_byte@b                                      cstackCOMMON 00072
uart_write_byte@data                                      cstackCOMMON 00072
uart_write_string@text                                    cstackCOMMON 00073
vfpfcnvrt@ap                                              cstackBANK0  00028
vfpfcnvrt@c                                               cstackBANK0  00035
vfpfcnvrt@cnt                                             cstackBANK0  0002D
vfpfcnvrt@convarg                                         cstackBANK0  0002F
vfpfcnvrt@cp                                              cstackBANK0  00033
vfpfcnvrt@fmt                                             cstackBANK0  00027
vfpfcnvrt@fp                                              cstackBANK0  00025
vfprintf@ap                                               cstackBANK0  0003A
vfprintf@cfmt                                             cstackBANK0  0003C
vfprintf@fmt                                              cstackBANK0  00038
vfprintf@fp                                               cstackBANK0  00036
wtemp0                                                    (abs)        0007E
wtemp0a                                                   (abs)        0007F


MODULE INFORMATION

Module		Function		Class		Link	Load	Size
D:\XC8\pic\sources\c99\common\sprcdiv.c
		___fldiv       		CODE           	0A15	0000	420

D:\XC8\pic\sources\c99\common\sprcdiv.c estimated size: 420

D:\XC8\pic\sources\c99\common\putch.c
		_putch         		CODE           	0003	0000	1

D:\XC8\pic\sources\c99\common\putch.c estimated size: 1

D:\XC8\pic\sources\c99\common\llmod.c
		___llmod       		CODE           	13E3	0000	73

D:\XC8\pic\sources\c99\common\llmod.c estimated size: 73

uart.c
		_uart_write_string		CODE           	1194	0000	29
		_uart_init     		CODE           	137C	0000	49
		_uart_rx_isr   		CODE           	07EC	0000	20
		_uart_calculate_brg_value		CODE           	1136	0000	19
		_uart_try_read_byte		CODE           	1114	0000	16
		_uart_write_byte		CODE           	10C8	0000	10
		_uart_handle_overrun		CODE           	10AC	0000	9

uart.c estimated size: 152

D:\XC8\pic\sources\c99\common\Umul32.c
		___lmul        		CODE           	0806	0000	54

D:\XC8\pic\sources\c99\common\Umul32.c estimated size: 54

mux.c
		_mux_init      		CODE           	1104	0000	16
		_mux_write_address		CODE           	131B	0000	48
		_mux_select    		CODE           	1161	0000	25

mux.c estimated size: 89

D:\XC8\pic\sources\c99\common\__lldiv.c
		___lldiv       		CODE           	14CD	0000	89

D:\XC8\pic\sources\c99\common\__lldiv.c estimated size: 89

i2c.c
		_i2c_start     		CODE           	11B1	0000	32
		_i2c_write_register		CODE           	123F	0000	40
		_i2c_idle_wait 		CODE           	10F5	0000	15
		_i2c_write     		CODE           	1149	0000	24
		_i2c_stop      		CODE           	10E8	0000	13
		_i2c_clear_interrupt_flag		CODE           	1095	0000	3
		_i2c_init      		CODE           	13AD	0000	54

i2c.c estimated size: 181

D:\XC8\pic\sources\c99\common\sprcadd.c
		___fladd       		CODE           	0BB9	0000	524

D:\XC8\pic\sources\c99\common\sprcadd.c estimated size: 524

D:\XC8\pic\sources\c99\common\fltol.c
		___fltol       		CODE           	157F	0000	111

D:\XC8\pic\sources\c99\common\fltol.c estimated size: 111

D:\XC8\pic\sources\c99\common\flge.c
		___flge        		CODE           	1775	0000	139

D:\XC8\pic\sources\c99\common\flge.c estimated size: 139

D:\XC8\pic\sources\c99\common\nf_snprintf.c
		_snprintf      		CODE           	15EE	0000	123

D:\XC8\pic\sources\c99\common\nf_snprintf.c estimated size: 123

motor.c
		_motor_start_for_flow_ul_min		CODE           	16EB	0000	138
		_motor_timer1_reload_from_interrupt_hz		CODE           	091B	0000	250
		_motor_start_with_step_hz		CODE           	1669	0000	130
		_motor_stop    		CODE           	109D	0000	7
		_motor_isr     		CODE           	1291	0000	45
		_motor_init    		CODE           	134B	0000	49
		_motor_set_direction		CODE           	10DD	0000	11

motor.c estimated size: 630

measurement.c
		_measurement_set_adc_source		CODE           	1098	0000	5
		_delay_ms_interruptible		CODE           	12BE	0000	46
		_run_measurement_loop		CODE           	083C	0000	223

measurement.c estimated size: 274

shared
		ADC_CodeToMilliVolts@vref_mV		STRCODE        	0000	0000	0
		uart_calculate_brg_value@divisor		STRCODE        	0000	0000	0
		i1_uart_write_byte		CODE           	10BE	0000	10
		__initialization		CODE           	001D	0000	24
		ADC_CodeToCurrent_uA@vzero_mV		STRCODE        	0000	0000	0
		ADC_CodeToCurrent_uA@rtia_ohms		STRCODE        	0000	0000	0
		ADC_CodeToCurrent_uA@vref_mV		STRCODE        	0000	0000	0

shared estimated size: 34

D:\XC8\pic\sources\c99\common\Umul8_16.c
		__Umul8_16     		CODE           	11D1	0000	36

D:\XC8\pic\sources\c99\common\Umul8_16.c estimated size: 36

lmp91000.c
		_lmp91000_stop_measurement		CODE           	11F5	0000	36
		_lmp91000_write_register		CODE           	10D2	0000	11
		_lmp91000_lock 		CODE           	10B5	0000	9
		_lmp91000_start_ocp_measurement		CODE           	142C	0000	76
		_lmp91000_start_ca_measurement		CODE           	1478	0000	85
		_lmp91000_unlock		CODE           	10A4	0000	8

lmp91000.c estimated size: 225

ADC.c
		_adc_acquire_delay_us		CODE           	1124	0000	18
		_ADC_Init_RC7  		CODE           	117A	0000	26
		_ADC_Read_RA1_Code		CODE           	1267	0000	42
		_ADC_Read_RC7_Code		CODE           	1219	0000	38

ADC.c estimated size: 124

D:\XC8\pic\sources\c99\common\nf_fputc.c
		_fputc         		CODE           	1526	0000	89

D:\XC8\pic\sources\c99\common\nf_fputc.c estimated size: 89

D:\XC8\pic\sources\c99\common\doprnt.c
		_vfpfcnvrt     		CODE           	06B7	0000	309
		_vfprintf      		CODE           	12EC	0000	47

D:\XC8\pic\sources\c99\common\doprnt.c estimated size: 356

main.c
		_main          		CODE           	0039	0000	1662
		_isr           		CODE           	0004	0000	23

main.c estimated size: 1685

D:\XC8\pic\sources\c99\common\sprcmul.c
		___flmul       		CODE           	0DC5	0000	571

D:\XC8\pic\sources\c99\common\sprcmul.c estimated size: 571

